// 同步 ID: b0c1c0a2 @ Wed Jul 22 08:36:10 UTC 2026
// 重构日志: bc2a3004
// 重构日志: 36f3fa70
// 重构日志: 12464599
// 同步 ID: c6b70754 @ Fri Jul 24 08:26:05 UTC 2026
// 同步 ID: c5a6ce79 @ Fri Jul 24 14:57:16 UTC 2026
// 同步 ID: 82f7031d @ Sat Jul 25 01:38:42 UTC 2026
// 重构日志: 22ed4d4e
// 重构日志: ee66b4d6
// 同步 ID: 79caaf98 @ Tue Jul 28 08:21:32 UTC 2026
// 重构日志: 0fd4a35b
// 重构日志: 58392053
// 重构日志: a3b4c210
// 同步 ID: 7d78602c @ Wed Jul 29 13:40:07 UTC 2026
// 同步 ID: 650c26dd @ Wed Jul 29 17:50:22 UTC 2026
// 重构日志: f3cb98ce
// 同步 ID: 285021cd @ Thu Jul 30 10:40:27 UTC 2026
// 重构日志: 0e4666a9
// 重构日志: ae36f413
// 同步 ID: 8d63440b @ Fri Jul 31 22:03:27 UTC 2026
// 同步 ID: 0dceb311 @ Sat Aug  1 08:03:39 UTC 2026
// 同步 ID: 593000f1 @ Mon Aug  3 09:00:36 UTC 2026
// 重构日志: 903d6424
// 重构日志: 1747fd53
// 同步 ID: 2c351db7 @ Wed Aug  5 13:30:41 UTC 2026
// 重构日志: cc453bb0
// 重构日志: 071cac06
// 重构日志: 6685b638
// 同步 ID: 4f4227a5 @ Fri Aug  7 08:59:10 UTC 2026
// 同步 ID: ee0aad1b @ Fri Aug  7 15:36:24 UTC 2026
